Archive member included because of file (symbol)

C:\WinAVR-20100110\avr\lib\libc.a(exit.o)
                              c:/winavr-20100110/bin/../lib/gcc/avr/4.3.3/../../../../avr/lib/avr6/crtm2560.o (exit)
C:\WinAVR-20100110\avr\lib\libc.a(addsf3.o)
                              obj\Debug\servo.o (__addsf3)
C:\WinAVR-20100110\avr\lib\libc.a(addsf3x.o)
                              C:\WinAVR-20100110\avr\lib\libc.a(addsf3.o) (__addsf3x)
C:\WinAVR-20100110\avr\lib\libc.a(cmpsf2.o)
                              obj\Debug\main.o (__ltsf2)
C:\WinAVR-20100110\avr\lib\libc.a(fixunssfsi.o)
                              obj\Debug\main.o (__fixunssfsi)
C:\WinAVR-20100110\avr\lib\libc.a(floatsisf.o)
                              obj\Debug\servo.o (__floatsisf)
C:\WinAVR-20100110\avr\lib\libc.a(fp_cmp.o)
                              C:\WinAVR-20100110\avr\lib\libc.a(cmpsf2.o) (__fp_cmp)
C:\WinAVR-20100110\avr\lib\libc.a(fp_inf.o)
                              C:\WinAVR-20100110\avr\lib\libc.a(addsf3x.o) (__fp_inf)
C:\WinAVR-20100110\avr\lib\libc.a(fp_nan.o)
                              C:\WinAVR-20100110\avr\lib\libc.a(addsf3x.o) (__fp_nan)
C:\WinAVR-20100110\avr\lib\libc.a(fp_pscA.o)
                              C:\WinAVR-20100110\avr\lib\libc.a(addsf3x.o) (__fp_pscA)
C:\WinAVR-20100110\avr\lib\libc.a(fp_pscB.o)
                              C:\WinAVR-20100110\avr\lib\libc.a(addsf3x.o) (__fp_pscB)
C:\WinAVR-20100110\avr\lib\libc.a(fp_round.o)
                              C:\WinAVR-20100110\avr\lib\libc.a(addsf3.o) (__fp_round)
C:\WinAVR-20100110\avr\lib\libc.a(fp_split3.o)
                              C:\WinAVR-20100110\avr\lib\libc.a(addsf3x.o) (__fp_split3)
C:\WinAVR-20100110\avr\lib\libc.a(fp_zero.o)
                              C:\WinAVR-20100110\avr\lib\libc.a(addsf3x.o) (__fp_zero)
C:\WinAVR-20100110\avr\lib\libc.a(gesf2.o)
                              obj\Debug\main.o (__gtsf2)
C:\WinAVR-20100110\avr\lib\libc.a(mulsf3.o)
                              obj\Debug\main.o (__mulsf3)
C:\WinAVR-20100110\avr\lib\libc.a(mulsf3x.o)
                              C:\WinAVR-20100110\avr\lib\libc.a(mulsf3.o) (__mulsf3x)
c:/winavr-20100110/bin/../lib/gcc/avr/4.3.3/avr6\libgcc.a(_divmodhi4.o)
                              obj\Debug\h_bridge.o (__divmodhi4)
c:/winavr-20100110/bin/../lib/gcc/avr/4.3.3/avr6\libgcc.a(_exit.o)
                              C:\WinAVR-20100110\avr\lib\libc.a(exit.o) (_exit)
c:/winavr-20100110/bin/../lib/gcc/avr/4.3.3/avr6\libgcc.a(_clear_bss.o)
                              obj\Debug\main.o (__do_clear_bss)
c:/winavr-20100110/bin/../lib/gcc/avr/4.3.3/avr6\libgcc.a(_udivmodhi4.o)
                              c:/winavr-20100110/bin/../lib/gcc/avr/4.3.3/avr6\libgcc.a(_divmodhi4.o) (__udivmodhi4)

Memory Configuration

Name             Origin             Length             Attributes
text             0x00000000         0x00100000         xr
data             0x00800200         0x0000fe00         rw !x
eeprom           0x00810000         0x00010000         rw !x
fuse             0x00820000         0x00000400         rw !x
lock             0x00830000         0x00000400         rw !x
signature        0x00840000         0x00000400         rw !x
*default*        0x00000000         0xffffffff

Linker script and memory map

Address of section .data set to 0x800200
LOAD c:/winavr-20100110/bin/../lib/gcc/avr/4.3.3/../../../../avr/lib/avr6/crtm2560.o
LOAD obj\Debug\fuse.o
LOAD obj\Debug\h_bridge.o
LOAD obj\Debug\main.o
LOAD obj\Debug\servo.o
LOAD C:\WinAVR-20100110\avr\lib\libc.a
LOAD C:\WinAVR-20100110\avr\lib\libm.a
LOAD C:\WinAVR-20100110\avr\lib\libobjc.a
LOAD C:\WinAVR-20100110\avr\lib\libprintf_flt.a
LOAD C:\WinAVR-20100110\avr\lib\libprintf_min.a
LOAD C:\WinAVR-20100110\avr\lib\libscanf_min.a
LOAD C:\WinAVR-20100110\avr\lib\libscanf_flt.a
LOAD c:/winavr-20100110/bin/../lib/gcc/avr/4.3.3/avr6\libgcc.a
LOAD c:/winavr-20100110/bin/../lib/gcc/avr/4.3.3/../../../../avr/lib/avr6\libc.a
LOAD c:/winavr-20100110/bin/../lib/gcc/avr/4.3.3/avr6\libgcc.a

.hash
 *(.hash)

.dynsym
 *(.dynsym)

.dynstr
 *(.dynstr)

.gnu.version
 *(.gnu.version)

.gnu.version_d
 *(.gnu.version_d)

.gnu.version_r
 *(.gnu.version_r)

.rel.init
 *(.rel.init)

.rela.init
 *(.rela.init)

.rel.text
 *(.rel.text)
 *(.rel.text.*)
 *(.rel.gnu.linkonce.t*)

.rela.text
 *(.rela.text)
 *(.rela.text.*)
 *(.rela.gnu.linkonce.t*)

.rel.fini
 *(.rel.fini)

.rela.fini
 *(.rela.fini)

.rel.rodata
 *(.rel.rodata)
 *(.rel.rodata.*)
 *(.rel.gnu.linkonce.r*)

.rela.rodata
 *(.rela.rodata)
 *(.rela.rodata.*)
 *(.rela.gnu.linkonce.r*)

.rel.data
 *(.rel.data)
 *(.rel.data.*)
 *(.rel.gnu.linkonce.d*)

.rela.data
 *(.rela.data)
 *(.rela.data.*)
 *(.rela.gnu.linkonce.d*)

.rel.ctors
 *(.rel.ctors)

.rela.ctors
 *(.rela.ctors)

.rel.dtors
 *(.rel.dtors)

.rela.dtors
 *(.rela.dtors)

.rel.got
 *(.rel.got)

.rela.got
 *(.rela.got)

.rel.bss
 *(.rel.bss)

.rela.bss
 *(.rela.bss)

.rel.plt
 *(.rel.plt)

.rela.plt
 *(.rela.plt)

.text           0x00000000     0x2d4e
 *(.vectors)
 .vectors       0x00000000       0xe4 c:/winavr-20100110/bin/../lib/gcc/avr/4.3.3/../../../../avr/lib/avr6/crtm2560.o
                0x00000000                __vectors
                0x00000000                __vector_default
 *(.vectors)
 *(.progmem.gcc*)
 *(.progmem*)
                0x000000e4                . = ALIGN (0x2)
                0x000000e4                __trampolines_start = .
 *(.trampolines)
 .trampolines   0x000000e4        0x0 linker stubs
 *(.trampolines*)
                0x000000e4                __trampolines_end = .
 *(.jumptables)
 *(.jumptables*)
 *(.lowtext)
 *(.lowtext*)
                0x000000e4                __ctors_start = .
 *(.ctors)
                0x000000e4                __ctors_end = .
                0x000000e4                __dtors_start = .
 *(.dtors)
                0x000000e4                __dtors_end = .
 SORT(*)(.ctors)
 SORT(*)(.dtors)
 *(.init0)
 .init0         0x000000e4        0x0 c:/winavr-20100110/bin/../lib/gcc/avr/4.3.3/../../../../avr/lib/avr6/crtm2560.o
                0x000000e4                __init
 *(.init0)
 *(.init1)
 *(.init1)
 *(.init2)
 .init2         0x000000e4       0x10 c:/winavr-20100110/bin/../lib/gcc/avr/4.3.3/../../../../avr/lib/avr6/crtm2560.o
 *(.init2)
 *(.init3)
 *(.init3)
 *(.init4)
 .init4         0x000000f4       0x1a c:/winavr-20100110/bin/../lib/gcc/avr/4.3.3/../../../../avr/lib/avr6/crtm2560.o
                0x000000f4                __do_copy_data
 .init4         0x0000010e       0x10 c:/winavr-20100110/bin/../lib/gcc/avr/4.3.3/avr6\libgcc.a(_clear_bss.o)
                0x0000010e                __do_clear_bss
 *(.init4)
 *(.init5)
 *(.init5)
 *(.init6)
 *(.init6)
 *(.init7)
 *(.init7)
 *(.init8)
 *(.init8)
 *(.init9)
 .init9         0x0000011e        0x8 c:/winavr-20100110/bin/../lib/gcc/avr/4.3.3/../../../../avr/lib/avr6/crtm2560.o
 *(.init9)
 *(.text)
 .text          0x00000126        0x4 c:/winavr-20100110/bin/../lib/gcc/avr/4.3.3/../../../../avr/lib/avr6/crtm2560.o
                0x00000126                __vector_38
                0x00000126                __vector_28
                0x00000126                __vector_1
                0x00000126                __vector_32
                0x00000126                __vector_34
                0x00000126                __vector_24
                0x00000126                __vector_12
                0x00000126                __vector_55
                0x00000126                __vector_46
                0x00000126                __bad_interrupt
                0x00000126                __vector_6
                0x00000126                __vector_31
                0x00000126                __vector_35
                0x00000126                __vector_39
                0x00000126                __vector_3
                0x00000126                __vector_30
                0x00000126                __vector_45
                0x00000126                __vector_25
                0x00000126                __vector_11
                0x00000126                __vector_54
                0x00000126                __vector_13
                0x00000126                __vector_19
                0x00000126                __vector_56
                0x00000126                __vector_7
                0x00000126                __vector_49
                0x00000126                __vector_41
                0x00000126                __vector_43
                0x00000126                __vector_27
                0x00000126                __vector_5
                0x00000126                __vector_33
                0x00000126                __vector_47
                0x00000126                __vector_52
                0x00000126                __vector_37
                0x00000126                __vector_4
                0x00000126                __vector_44
                0x00000126                __vector_51
                0x00000126                __vector_9
                0x00000126                __vector_2
                0x00000126                __vector_15
                0x00000126                __vector_36
                0x00000126                __vector_29
                0x00000126                __vector_40
                0x00000126                __vector_8
                0x00000126                __vector_26
                0x00000126                __vector_48
                0x00000126                __vector_14
                0x00000126                __vector_53
                0x00000126                __vector_10
                0x00000126                __vector_50
                0x00000126                __vector_16
                0x00000126                __vector_42
 .text          0x0000012a        0x0 obj\Debug\fuse.o
 .text          0x0000012a      0x282 obj\Debug\h_bridge.o
                0x00000242                __vector_22
                0x0000012a                __vector_23
                0x00000304                h_bridge_set_percentage
                0x000001ea                __vector_21
                0x0000029a                init_h_bridge
 .text          0x000003ac     0x2376 obj\Debug\main.o
                0x00000cc4                waarschuwingslichtenAan
                0x00000efa                waarschuwingslichtenUit
                0x00000974                VerlichtingbrugsluitUit
                0x00000a6c                LedsbedieningpaneelRoodDichtAan
                0x00000690                Verlichtingbrugopen1Aan
                0x00000a08                LedsbedieningpaneelRoodOpenAan
                0x0000084c                Verlichtingbrugopen2Uit
                0x00000a9e                LedsbedieningpaneelRoodDichtUit
                0x00000bfc                LedsbedieningpaneelGeelPersoonAan
                0x00000ad0                LedsbedieningpaneelBlauwOpenenAan
                0x000005fc                Verlichtingbrugopent2Uit
                0x00000f80                Slagbomenopen
                0x00000f50                Slagbomendicht
                0x00000c2e                LedsbedieningpaneelGeelPersoonUit
                0x00000b98                LedsbedieningpaneelGeelBootAan
                0x00000bca                LedsbedieningpaneelGeelBootUit
                0x00000568                Verlichtingbrugopent2Aan
                0x000004d4                Verlichtingbrugopent1Uit
                0x00000f3a                init
                0x00000b66                LedsbedieningpaneelBlauwSluitenUit
                0x00001080                main
                0x00000c92                LedsbedieningpaneelNoodstopUit
                0x00000fb0                Motoruit
                0x00000b34                LedsbedieningpaneelBlauwSluitenAan
                0x00000fc4                Brugomhoog
                0x00000440                Verlichtingbrugopent1Aan
                0x000007b8                Verlichtingbrugopen2Aan
                0x00000fd8                Brugomlaag
                0x000008e0                VerlichtingbrugsluitAan
                0x00000fec                informatie
                0x00000b02                LedsbedieningpaneelBlauwOpenenUit
                0x000003ac                Verlichtingbrugdicht
                0x00000c60                LedsbedieningpaneelNoodstopAan
                0x00000a3a                LedsbedieningpaneelRoodOpenUit
                0x00000724                Verlichtingbrugopen1Uit
 .text          0x00002722      0x25e obj\Debug\servo.o
                0x00002902                servo2_set_percentage
                0x0000278e                __vector_17
                0x00002884                servo1_set_percentage
                0x000027dc                __vector_18
                0x00002722                __vector_20
                0x0000282a                init_servo
 .text          0x00002980        0x0 C:\WinAVR-20100110\avr\lib\libc.a(exit.o)
 .text          0x00002980        0x0 C:\WinAVR-20100110\avr\lib\libc.a(addsf3.o)
 .text          0x00002980        0x0 C:\WinAVR-20100110\avr\lib\libc.a(addsf3x.o)
 .text          0x00002980        0x0 C:\WinAVR-20100110\avr\lib\libc.a(cmpsf2.o)
 .text          0x00002980        0x0 C:\WinAVR-20100110\avr\lib\libc.a(fixunssfsi.o)
 .text          0x00002980        0x0 C:\WinAVR-20100110\avr\lib\libc.a(floatsisf.o)
 .text          0x00002980        0x0 C:\WinAVR-20100110\avr\lib\libc.a(fp_cmp.o)
 .text          0x00002980        0x0 C:\WinAVR-20100110\avr\lib\libc.a(fp_inf.o)
 .text          0x00002980        0x0 C:\WinAVR-20100110\avr\lib\libc.a(fp_nan.o)
 .text          0x00002980        0x0 C:\WinAVR-20100110\avr\lib\libc.a(fp_pscA.o)
 .text          0x00002980        0x0 C:\WinAVR-20100110\avr\lib\libc.a(fp_pscB.o)
 .text          0x00002980        0x0 C:\WinAVR-20100110\avr\lib\libc.a(fp_round.o)
 .text          0x00002980        0x0 C:\WinAVR-20100110\avr\lib\libc.a(fp_split3.o)
 .text          0x00002980        0x0 C:\WinAVR-20100110\avr\lib\libc.a(fp_zero.o)
 .text          0x00002980        0x0 C:\WinAVR-20100110\avr\lib\libc.a(gesf2.o)
 .text          0x00002980        0x0 C:\WinAVR-20100110\avr\lib\libc.a(mulsf3.o)
 .text          0x00002980        0x0 C:\WinAVR-20100110\avr\lib\libc.a(mulsf3x.o)
 .text          0x00002980        0x0 c:/winavr-20100110/bin/../lib/gcc/avr/4.3.3/avr6\libgcc.a(_divmodhi4.o)
 .text          0x00002980        0x0 c:/winavr-20100110/bin/../lib/gcc/avr/4.3.3/avr6\libgcc.a(_exit.o)
 .text          0x00002980        0x0 c:/winavr-20100110/bin/../lib/gcc/avr/4.3.3/avr6\libgcc.a(_clear_bss.o)
 .text          0x00002980        0x0 c:/winavr-20100110/bin/../lib/gcc/avr/4.3.3/avr6\libgcc.a(_udivmodhi4.o)
                0x00002980                . = ALIGN (0x2)
 *(.text.*)
 .text.avr-libc
                0x00002980        0x4 C:\WinAVR-20100110\avr\lib\libc.a(exit.o)
                0x00002980                exit
 .text.avr-libc.fplib
                0x00002984        0xa C:\WinAVR-20100110\avr\lib\libc.a(addsf3.o)
                0x00002984                __subsf3
                0x00002986                __addsf3
 .text.avr-libc.fplib
                0x0000298e       0xca C:\WinAVR-20100110\avr\lib\libc.a(addsf3x.o)
                0x000029a8                __addsf3x
 .text.avr-libc.fplib
                0x00002a58        0x8 C:\WinAVR-20100110\avr\lib\libc.a(cmpsf2.o)
                0x00002a58                __lesf2
                0x00002a58                __nesf2
                0x00002a58                __eqsf2
                0x00002a58                __cmpsf2
                0x00002a58                __ltsf2
 .text.avr-libc.fplib
                0x00002a60       0x58 C:\WinAVR-20100110\avr\lib\libc.a(fixunssfsi.o)
                0x00002a60                __fixunssfsi
 .text.avr-libc.fplib
                0x00002ab8       0x7a C:\WinAVR-20100110\avr\lib\libc.a(floatsisf.o)
                0x00002abc                __floatsisf
                0x00002ab8                __floatunsisf
 .text.avr-libc.fplib
                0x00002b32       0x48 C:\WinAVR-20100110\avr\lib\libc.a(fp_cmp.o)
                0x00002b32                __fp_cmp
 .text.avr-libc.fplib
                0x00002b7a        0xc C:\WinAVR-20100110\avr\lib\libc.a(fp_inf.o)
                0x00002b7a                __fp_inf
 .text.avr-libc.fplib
                0x00002b86        0x6 C:\WinAVR-20100110\avr\lib\libc.a(fp_nan.o)
                0x00002b86                __fp_nan
 .text.avr-libc.fplib
                0x00002b8c        0xe C:\WinAVR-20100110\avr\lib\libc.a(fp_pscA.o)
                0x00002b8c                __fp_pscA
 .text.avr-libc.fplib
                0x00002b9a        0xe C:\WinAVR-20100110\avr\lib\libc.a(fp_pscB.o)
                0x00002b9a                __fp_pscB
 .text.avr-libc.fplib
                0x00002ba8       0x22 C:\WinAVR-20100110\avr\lib\libc.a(fp_round.o)
                0x00002ba8                __fp_round
 .text.avr-libc.fplib
                0x00002bca       0x44 C:\WinAVR-20100110\avr\lib\libc.a(fp_split3.o)
                0x00002bca                __fp_split3
                0x00002bda                __fp_splitA
 .text.avr-libc.fplib
                0x00002c0e       0x10 C:\WinAVR-20100110\avr\lib\libc.a(fp_zero.o)
                0x00002c0e                __fp_zero
                0x00002c10                __fp_szero
 .text.avr-libc.fplib
                0x00002c1e        0x8 C:\WinAVR-20100110\avr\lib\libc.a(gesf2.o)
                0x00002c1e                __gtsf2
                0x00002c1e                __gesf2
 .text.avr-libc.fplib
                0x00002c26        0x4 C:\WinAVR-20100110\avr\lib\libc.a(mulsf3.o)
                0x00002c26                __mulsf3
 .text.avr-libc.fplib
                0x00002c2a       0xd2 C:\WinAVR-20100110\avr\lib\libc.a(mulsf3x.o)
                0x00002c40                __mulsf3_pse
                0x00002c3c                __mulsf3x
 .text.libgcc   0x00002cfc       0x26 c:/winavr-20100110/bin/../lib/gcc/avr/4.3.3/avr6\libgcc.a(_divmodhi4.o)
                0x00002cfc                __divmodhi4
                0x00002cfc                _div
 .text.libgcc   0x00002d22        0x0 c:/winavr-20100110/bin/../lib/gcc/avr/4.3.3/avr6\libgcc.a(_exit.o)
 .text.libgcc   0x00002d22        0x0 c:/winavr-20100110/bin/../lib/gcc/avr/4.3.3/avr6\libgcc.a(_clear_bss.o)
 .text.libgcc   0x00002d22       0x28 c:/winavr-20100110/bin/../lib/gcc/avr/4.3.3/avr6\libgcc.a(_udivmodhi4.o)
                0x00002d22                __udivmodhi4
                0x00002d4a                . = ALIGN (0x2)
 *(.fini9)
 .fini9         0x00002d4a        0x0 c:/winavr-20100110/bin/../lib/gcc/avr/4.3.3/avr6\libgcc.a(_exit.o)
                0x00002d4a                _exit
 *(.fini9)
 *(.fini8)
 *(.fini8)
 *(.fini7)
 *(.fini7)
 *(.fini6)
 *(.fini6)
 *(.fini5)
 *(.fini5)
 *(.fini4)
 *(.fini4)
 *(.fini3)
 *(.fini3)
 *(.fini2)
 *(.fini2)
 *(.fini1)
 *(.fini1)
 *(.fini0)
 .fini0         0x00002d4a        0x4 c:/winavr-20100110/bin/../lib/gcc/avr/4.3.3/avr6\libgcc.a(_exit.o)
 *(.fini0)
                0x00002d4e                _etext = .

.data           0x00800200        0x2 load address 0x00002d4e
                0x00800200                PROVIDE (__data_start, .)
 *(.data)
 .data          0x00800200        0x0 c:/winavr-20100110/bin/../lib/gcc/avr/4.3.3/../../../../avr/lib/avr6/crtm2560.o
 .data          0x00800200        0x0 obj\Debug\fuse.o
 .data          0x00800200        0x0 obj\Debug\h_bridge.o
 .data          0x00800200        0x2 obj\Debug\main.o
                0x00800200                winddrempel
 .data          0x00800202        0x0 obj\Debug\servo.o
 .data          0x00800202        0x0 C:\WinAVR-20100110\avr\lib\libc.a(exit.o)
 .data          0x00800202        0x0 C:\WinAVR-20100110\avr\lib\libc.a(addsf3.o)
 .data          0x00800202        0x0 C:\WinAVR-20100110\avr\lib\libc.a(addsf3x.o)
 .data          0x00800202        0x0 C:\WinAVR-20100110\avr\lib\libc.a(cmpsf2.o)
 .data          0x00800202        0x0 C:\WinAVR-20100110\avr\lib\libc.a(fixunssfsi.o)
 .data          0x00800202        0x0 C:\WinAVR-20100110\avr\lib\libc.a(floatsisf.o)
 .data          0x00800202        0x0 C:\WinAVR-20100110\avr\lib\libc.a(fp_cmp.o)
 .data          0x00800202        0x0 C:\WinAVR-20100110\avr\lib\libc.a(fp_inf.o)
 .data          0x00800202        0x0 C:\WinAVR-20100110\avr\lib\libc.a(fp_nan.o)
 .data          0x00800202        0x0 C:\WinAVR-20100110\avr\lib\libc.a(fp_pscA.o)
 .data          0x00800202        0x0 C:\WinAVR-20100110\avr\lib\libc.a(fp_pscB.o)
 .data          0x00800202        0x0 C:\WinAVR-20100110\avr\lib\libc.a(fp_round.o)
 .data          0x00800202        0x0 C:\WinAVR-20100110\avr\lib\libc.a(fp_split3.o)
 .data          0x00800202        0x0 C:\WinAVR-20100110\avr\lib\libc.a(fp_zero.o)
 .data          0x00800202        0x0 C:\WinAVR-20100110\avr\lib\libc.a(gesf2.o)
 .data          0x00800202        0x0 C:\WinAVR-20100110\avr\lib\libc.a(mulsf3.o)
 .data          0x00800202        0x0 C:\WinAVR-20100110\avr\lib\libc.a(mulsf3x.o)
 .data          0x00800202        0x0 c:/winavr-20100110/bin/../lib/gcc/avr/4.3.3/avr6\libgcc.a(_divmodhi4.o)
 .data          0x00800202        0x0 c:/winavr-20100110/bin/../lib/gcc/avr/4.3.3/avr6\libgcc.a(_exit.o)
 .data          0x00800202        0x0 c:/winavr-20100110/bin/../lib/gcc/avr/4.3.3/avr6\libgcc.a(_clear_bss.o)
 .data          0x00800202        0x0 c:/winavr-20100110/bin/../lib/gcc/avr/4.3.3/avr6\libgcc.a(_udivmodhi4.o)
 *(.data*)
 *(.rodata)
 *(.rodata*)
 *(.gnu.linkonce.d*)
                0x00800202                . = ALIGN (0x2)
                0x00800202                _edata = .
                0x00800202                PROVIDE (__data_end, .)

.bss            0x00800202       0x12
                0x00800202                PROVIDE (__bss_start, .)
 *(.bss)
 .bss           0x00800202        0x0 c:/winavr-20100110/bin/../lib/gcc/avr/4.3.3/../../../../avr/lib/avr6/crtm2560.o
 .bss           0x00800202        0x0 obj\Debug\fuse.o
 .bss           0x00800202        0x0 obj\Debug\h_bridge.o
 .bss           0x00800202       0x12 obj\Debug\main.o
                0x0080020c                millisecWindmeter
                0x00800202                windmeter
                0x00800208                millisecBlinkLights
                0x00800204                millisec
                0x00800210                millisecPushButton
 .bss           0x00800214        0x0 obj\Debug\servo.o
 .bss           0x00800214        0x0 C:\WinAVR-20100110\avr\lib\libc.a(exit.o)
 .bss           0x00800214        0x0 C:\WinAVR-20100110\avr\lib\libc.a(addsf3.o)
 .bss           0x00800214        0x0 C:\WinAVR-20100110\avr\lib\libc.a(addsf3x.o)
 .bss           0x00800214        0x0 C:\WinAVR-20100110\avr\lib\libc.a(cmpsf2.o)
 .bss           0x00800214        0x0 C:\WinAVR-20100110\avr\lib\libc.a(fixunssfsi.o)
 .bss           0x00800214        0x0 C:\WinAVR-20100110\avr\lib\libc.a(floatsisf.o)
 .bss           0x00800214        0x0 C:\WinAVR-20100110\avr\lib\libc.a(fp_cmp.o)
 .bss           0x00800214        0x0 C:\WinAVR-20100110\avr\lib\libc.a(fp_inf.o)
 .bss           0x00800214        0x0 C:\WinAVR-20100110\avr\lib\libc.a(fp_nan.o)
 .bss           0x00800214        0x0 C:\WinAVR-20100110\avr\lib\libc.a(fp_pscA.o)
 .bss           0x00800214        0x0 C:\WinAVR-20100110\avr\lib\libc.a(fp_pscB.o)
 .bss           0x00800214        0x0 C:\WinAVR-20100110\avr\lib\libc.a(fp_round.o)
 .bss           0x00800214        0x0 C:\WinAVR-20100110\avr\lib\libc.a(fp_split3.o)
 .bss           0x00800214        0x0 C:\WinAVR-20100110\avr\lib\libc.a(fp_zero.o)
 .bss           0x00800214        0x0 C:\WinAVR-20100110\avr\lib\libc.a(gesf2.o)
 .bss           0x00800214        0x0 C:\WinAVR-20100110\avr\lib\libc.a(mulsf3.o)
 .bss           0x00800214        0x0 C:\WinAVR-20100110\avr\lib\libc.a(mulsf3x.o)
 .bss           0x00800214        0x0 c:/winavr-20100110/bin/../lib/gcc/avr/4.3.3/avr6\libgcc.a(_divmodhi4.o)
 .bss           0x00800214        0x0 c:/winavr-20100110/bin/../lib/gcc/avr/4.3.3/avr6\libgcc.a(_exit.o)
 .bss           0x00800214        0x0 c:/winavr-20100110/bin/../lib/gcc/avr/4.3.3/avr6\libgcc.a(_clear_bss.o)
 .bss           0x00800214        0x0 c:/winavr-20100110/bin/../lib/gcc/avr/4.3.3/avr6\libgcc.a(_udivmodhi4.o)
 *(.bss*)
 *(COMMON)
                0x00800214                PROVIDE (__bss_end, .)
                0x00002d4e                __data_load_start = LOADADDR (.data)
                0x00002d50                __data_load_end = (__data_load_start + SIZEOF (.data))

.noinit         0x00800214        0x0
                0x00800214                PROVIDE (__noinit_start, .)
 *(.noinit*)
                0x00800214                PROVIDE (__noinit_end, .)
                0x00800214                _end = .
                0x00800214                PROVIDE (__heap_start, .)

.eeprom         0x00810000        0x0
 *(.eeprom*)
                0x00810000                __eeprom_end = .

.fuse           0x00820000        0x3
 *(.fuse)
 .fuse          0x00820000        0x3 obj\Debug\fuse.o
                0x00820000                __fuse
 *(.lfuse)
 *(.hfuse)
 *(.efuse)

.lock
 *(.lock*)

.signature
 *(.signature*)

.stab
 *(.stab)

.stabstr
 *(.stabstr)

.stab.excl
 *(.stab.excl)

.stab.exclstr
 *(.stab.exclstr)

.stab.index
 *(.stab.index)

.stab.indexstr
 *(.stab.indexstr)

.comment
 *(.comment)

.debug
 *(.debug)

.line
 *(.line)

.debug_srcinfo
 *(.debug_srcinfo)

.debug_sfnames
 *(.debug_sfnames)

.debug_aranges  0x00000000       0x60
 *(.debug_aranges)
 .debug_aranges
                0x00000000       0x20 obj\Debug\h_bridge.o
 .debug_aranges
                0x00000020       0x20 obj\Debug\main.o
 .debug_aranges
                0x00000040       0x20 obj\Debug\servo.o

.debug_pubnames
                0x00000000      0x572
 *(.debug_pubnames)
 .debug_pubnames
                0x00000000       0x1d obj\Debug\fuse.o
 .debug_pubnames
                0x0000001d       0x70 obj\Debug\h_bridge.o
 .debug_pubnames
                0x0000008d      0x460 obj\Debug\main.o
 .debug_pubnames
                0x000004ed       0x85 obj\Debug\servo.o

.debug_info     0x00000000      0xbf7
 *(.debug_info)
 .debug_info    0x00000000       0xae obj\Debug\fuse.o
 .debug_info    0x000000ae       0xd1 obj\Debug\h_bridge.o
 .debug_info    0x0000017f      0x980 obj\Debug\main.o
 .debug_info    0x00000aff       0xf8 obj\Debug\servo.o
 *(.gnu.linkonce.wi.*)

.debug_abbrev   0x00000000      0x2ab
 *(.debug_abbrev)
 .debug_abbrev  0x00000000       0x73 obj\Debug\fuse.o
 .debug_abbrev  0x00000073       0x63 obj\Debug\h_bridge.o
 .debug_abbrev  0x000000d6      0x15b obj\Debug\main.o
 .debug_abbrev  0x00000231       0x7a obj\Debug\servo.o

.debug_line     0x00000000     0x1860
 *(.debug_line)
 .debug_line    0x00000000       0x83 obj\Debug\fuse.o
 .debug_line    0x00000083      0x184 obj\Debug\h_bridge.o
 .debug_line    0x00000207     0x1520 obj\Debug\main.o
 .debug_line    0x00001727      0x139 obj\Debug\servo.o

.debug_frame    0x00000000      0x310
 *(.debug_frame)
 .debug_frame   0x00000000       0x60 obj\Debug\h_bridge.o
 .debug_frame   0x00000060      0x240 obj\Debug\main.o
 .debug_frame   0x000002a0       0x70 obj\Debug\servo.o

.debug_str      0x00000000      0x758
 *(.debug_str)
 .debug_str     0x00000000       0xa7 obj\Debug\fuse.o
                                 0xdb (size before relaxing)
 .debug_str     0x000000a7       0x55 obj\Debug\h_bridge.o
                                0x116 (size before relaxing)
 .debug_str     0x000000fc      0x5f9 obj\Debug\main.o
                                0x66c (size before relaxing)
 .debug_str     0x000006f5       0x63 obj\Debug\servo.o
                                0x124 (size before relaxing)

.debug_loc
 *(.debug_loc)

.debug_macinfo
 *(.debug_macinfo)
OUTPUT(bin\Debug\Brugbesturing.elf elf32-avr)
LOAD linker stubs

Cross Reference Table

Symbol                                            File
Brugomhoog                                        obj\Debug\main.o
Brugomlaag                                        obj\Debug\main.o
LedsbedieningpaneelBlauwOpenenAan                 obj\Debug\main.o
LedsbedieningpaneelBlauwOpenenUit                 obj\Debug\main.o
LedsbedieningpaneelBlauwSluitenAan                obj\Debug\main.o
LedsbedieningpaneelBlauwSluitenUit                obj\Debug\main.o
LedsbedieningpaneelGeelBootAan                    obj\Debug\main.o
LedsbedieningpaneelGeelBootUit                    obj\Debug\main.o
LedsbedieningpaneelGeelPersoonAan                 obj\Debug\main.o
LedsbedieningpaneelGeelPersoonUit                 obj\Debug\main.o
LedsbedieningpaneelNoodstopAan                    obj\Debug\main.o
LedsbedieningpaneelNoodstopUit                    obj\Debug\main.o
LedsbedieningpaneelRoodDichtAan                   obj\Debug\main.o
LedsbedieningpaneelRoodDichtUit                   obj\Debug\main.o
LedsbedieningpaneelRoodOpenAan                    obj\Debug\main.o
LedsbedieningpaneelRoodOpenUit                    obj\Debug\main.o
Motoruit                                          obj\Debug\main.o
Slagbomendicht                                    obj\Debug\main.o
Slagbomenopen                                     obj\Debug\main.o
Verlichtingbrugdicht                              obj\Debug\main.o
Verlichtingbrugopen1Aan                           obj\Debug\main.o
Verlichtingbrugopen1Uit                           obj\Debug\main.o
Verlichtingbrugopen2Aan                           obj\Debug\main.o
Verlichtingbrugopen2Uit                           obj\Debug\main.o
Verlichtingbrugopent1Aan                          obj\Debug\main.o
Verlichtingbrugopent1Uit                          obj\Debug\main.o
Verlichtingbrugopent2Aan                          obj\Debug\main.o
Verlichtingbrugopent2Uit                          obj\Debug\main.o
VerlichtingbrugsluitAan                           obj\Debug\main.o
VerlichtingbrugsluitUit                           obj\Debug\main.o
__addsf3                                          C:\WinAVR-20100110\avr\lib\libc.a(addsf3.o)
                                                  obj\Debug\servo.o
__addsf3x                                         C:\WinAVR-20100110\avr\lib\libc.a(addsf3x.o)
                                                  C:\WinAVR-20100110\avr\lib\libc.a(addsf3.o)
__bad_interrupt                                   c:/winavr-20100110/bin/../lib/gcc/avr/4.3.3/../../../../avr/lib/avr6/crtm2560.o
__bss_end                                         c:/winavr-20100110/bin/../lib/gcc/avr/4.3.3/avr6\libgcc.a(_clear_bss.o)
__bss_start                                       c:/winavr-20100110/bin/../lib/gcc/avr/4.3.3/avr6\libgcc.a(_clear_bss.o)
__cmpsf2                                          C:\WinAVR-20100110\avr\lib\libc.a(cmpsf2.o)
__data_end                                        c:/winavr-20100110/bin/../lib/gcc/avr/4.3.3/../../../../avr/lib/avr6/crtm2560.o
__data_load_start                                 c:/winavr-20100110/bin/../lib/gcc/avr/4.3.3/../../../../avr/lib/avr6/crtm2560.o
__data_start                                      c:/winavr-20100110/bin/../lib/gcc/avr/4.3.3/../../../../avr/lib/avr6/crtm2560.o
__divmodhi4                                       c:/winavr-20100110/bin/../lib/gcc/avr/4.3.3/avr6\libgcc.a(_divmodhi4.o)
                                                  obj\Debug\h_bridge.o
__do_clear_bss                                    c:/winavr-20100110/bin/../lib/gcc/avr/4.3.3/avr6\libgcc.a(_clear_bss.o)
                                                  obj\Debug\main.o
__do_copy_data                                    c:/winavr-20100110/bin/../lib/gcc/avr/4.3.3/../../../../avr/lib/avr6/crtm2560.o
                                                  obj\Debug\main.o
__eqsf2                                           C:\WinAVR-20100110\avr\lib\libc.a(cmpsf2.o)
__fixunssfsi                                      C:\WinAVR-20100110\avr\lib\libc.a(fixunssfsi.o)
                                                  obj\Debug\servo.o
                                                  obj\Debug\main.o
__floatsisf                                       C:\WinAVR-20100110\avr\lib\libc.a(floatsisf.o)
                                                  obj\Debug\servo.o
__floatunsisf                                     C:\WinAVR-20100110\avr\lib\libc.a(floatsisf.o)
__fp_cmp                                          C:\WinAVR-20100110\avr\lib\libc.a(fp_cmp.o)
                                                  C:\WinAVR-20100110\avr\lib\libc.a(gesf2.o)
                                                  C:\WinAVR-20100110\avr\lib\libc.a(cmpsf2.o)
__fp_inf                                          C:\WinAVR-20100110\avr\lib\libc.a(fp_inf.o)
                                                  C:\WinAVR-20100110\avr\lib\libc.a(mulsf3x.o)
                                                  C:\WinAVR-20100110\avr\lib\libc.a(addsf3x.o)
__fp_nan                                          C:\WinAVR-20100110\avr\lib\libc.a(fp_nan.o)
                                                  C:\WinAVR-20100110\avr\lib\libc.a(mulsf3x.o)
                                                  C:\WinAVR-20100110\avr\lib\libc.a(addsf3x.o)
__fp_pscA                                         C:\WinAVR-20100110\avr\lib\libc.a(fp_pscA.o)
                                                  C:\WinAVR-20100110\avr\lib\libc.a(mulsf3x.o)
                                                  C:\WinAVR-20100110\avr\lib\libc.a(addsf3x.o)
__fp_pscB                                         C:\WinAVR-20100110\avr\lib\libc.a(fp_pscB.o)
                                                  C:\WinAVR-20100110\avr\lib\libc.a(mulsf3x.o)
                                                  C:\WinAVR-20100110\avr\lib\libc.a(addsf3x.o)
__fp_round                                        C:\WinAVR-20100110\avr\lib\libc.a(fp_round.o)
                                                  C:\WinAVR-20100110\avr\lib\libc.a(mulsf3.o)
                                                  C:\WinAVR-20100110\avr\lib\libc.a(addsf3.o)
__fp_split3                                       C:\WinAVR-20100110\avr\lib\libc.a(fp_split3.o)
                                                  C:\WinAVR-20100110\avr\lib\libc.a(mulsf3x.o)
                                                  C:\WinAVR-20100110\avr\lib\libc.a(addsf3x.o)
__fp_splitA                                       C:\WinAVR-20100110\avr\lib\libc.a(fp_split3.o)
                                                  C:\WinAVR-20100110\avr\lib\libc.a(fixunssfsi.o)
__fp_szero                                        C:\WinAVR-20100110\avr\lib\libc.a(fp_zero.o)
                                                  C:\WinAVR-20100110\avr\lib\libc.a(mulsf3x.o)
__fp_zero                                         C:\WinAVR-20100110\avr\lib\libc.a(fp_zero.o)
                                                  C:\WinAVR-20100110\avr\lib\libc.a(fixunssfsi.o)
                                                  C:\WinAVR-20100110\avr\lib\libc.a(addsf3x.o)
__fuse                                            obj\Debug\fuse.o
__gesf2                                           C:\WinAVR-20100110\avr\lib\libc.a(gesf2.o)
__gtsf2                                           C:\WinAVR-20100110\avr\lib\libc.a(gesf2.o)
                                                  obj\Debug\main.o
__heap_end                                        c:/winavr-20100110/bin/../lib/gcc/avr/4.3.3/../../../../avr/lib/avr6/crtm2560.o
__init                                            c:/winavr-20100110/bin/../lib/gcc/avr/4.3.3/../../../../avr/lib/avr6/crtm2560.o
__lesf2                                           C:\WinAVR-20100110\avr\lib\libc.a(cmpsf2.o)
__ltsf2                                           C:\WinAVR-20100110\avr\lib\libc.a(cmpsf2.o)
                                                  obj\Debug\main.o
__mulsf3                                          C:\WinAVR-20100110\avr\lib\libc.a(mulsf3.o)
                                                  obj\Debug\servo.o
                                                  obj\Debug\main.o
__mulsf3_pse                                      C:\WinAVR-20100110\avr\lib\libc.a(mulsf3x.o)
__mulsf3x                                         C:\WinAVR-20100110\avr\lib\libc.a(mulsf3x.o)
                                                  C:\WinAVR-20100110\avr\lib\libc.a(mulsf3.o)
__nesf2                                           C:\WinAVR-20100110\avr\lib\libc.a(cmpsf2.o)
__stack                                           c:/winavr-20100110/bin/../lib/gcc/avr/4.3.3/../../../../avr/lib/avr6/crtm2560.o
__subsf3                                          C:\WinAVR-20100110\avr\lib\libc.a(addsf3.o)
__udivmodhi4                                      c:/winavr-20100110/bin/../lib/gcc/avr/4.3.3/avr6\libgcc.a(_udivmodhi4.o)
                                                  c:/winavr-20100110/bin/../lib/gcc/avr/4.3.3/avr6\libgcc.a(_divmodhi4.o)
__vector_1                                        c:/winavr-20100110/bin/../lib/gcc/avr/4.3.3/../../../../avr/lib/avr6/crtm2560.o
__vector_10                                       c:/winavr-20100110/bin/../lib/gcc/avr/4.3.3/../../../../avr/lib/avr6/crtm2560.o
__vector_11                                       c:/winavr-20100110/bin/../lib/gcc/avr/4.3.3/../../../../avr/lib/avr6/crtm2560.o
__vector_12                                       c:/winavr-20100110/bin/../lib/gcc/avr/4.3.3/../../../../avr/lib/avr6/crtm2560.o
__vector_13                                       c:/winavr-20100110/bin/../lib/gcc/avr/4.3.3/../../../../avr/lib/avr6/crtm2560.o
__vector_14                                       c:/winavr-20100110/bin/../lib/gcc/avr/4.3.3/../../../../avr/lib/avr6/crtm2560.o
__vector_15                                       c:/winavr-20100110/bin/../lib/gcc/avr/4.3.3/../../../../avr/lib/avr6/crtm2560.o
__vector_16                                       c:/winavr-20100110/bin/../lib/gcc/avr/4.3.3/../../../../avr/lib/avr6/crtm2560.o
__vector_17                                       obj\Debug\servo.o
                                                  c:/winavr-20100110/bin/../lib/gcc/avr/4.3.3/../../../../avr/lib/avr6/crtm2560.o
__vector_18                                       obj\Debug\servo.o
                                                  c:/winavr-20100110/bin/../lib/gcc/avr/4.3.3/../../../../avr/lib/avr6/crtm2560.o
__vector_19                                       c:/winavr-20100110/bin/../lib/gcc/avr/4.3.3/../../../../avr/lib/avr6/crtm2560.o
__vector_2                                        c:/winavr-20100110/bin/../lib/gcc/avr/4.3.3/../../../../avr/lib/avr6/crtm2560.o
__vector_20                                       obj\Debug\servo.o
                                                  c:/winavr-20100110/bin/../lib/gcc/avr/4.3.3/../../../../avr/lib/avr6/crtm2560.o
__vector_21                                       obj\Debug\h_bridge.o
                                                  c:/winavr-20100110/bin/../lib/gcc/avr/4.3.3/../../../../avr/lib/avr6/crtm2560.o
__vector_22                                       obj\Debug\h_bridge.o
                                                  c:/winavr-20100110/bin/../lib/gcc/avr/4.3.3/../../../../avr/lib/avr6/crtm2560.o
__vector_23                                       obj\Debug\h_bridge.o
                                                  c:/winavr-20100110/bin/../lib/gcc/avr/4.3.3/../../../../avr/lib/avr6/crtm2560.o
__vector_24                                       c:/winavr-20100110/bin/../lib/gcc/avr/4.3.3/../../../../avr/lib/avr6/crtm2560.o
__vector_25                                       c:/winavr-20100110/bin/../lib/gcc/avr/4.3.3/../../../../avr/lib/avr6/crtm2560.o
__vector_26                                       c:/winavr-20100110/bin/../lib/gcc/avr/4.3.3/../../../../avr/lib/avr6/crtm2560.o
__vector_27                                       c:/winavr-20100110/bin/../lib/gcc/avr/4.3.3/../../../../avr/lib/avr6/crtm2560.o
__vector_28                                       c:/winavr-20100110/bin/../lib/gcc/avr/4.3.3/../../../../avr/lib/avr6/crtm2560.o
__vector_29                                       c:/winavr-20100110/bin/../lib/gcc/avr/4.3.3/../../../../avr/lib/avr6/crtm2560.o
__vector_3                                        c:/winavr-20100110/bin/../lib/gcc/avr/4.3.3/../../../../avr/lib/avr6/crtm2560.o
__vector_30                                       c:/winavr-20100110/bin/../lib/gcc/avr/4.3.3/../../../../avr/lib/avr6/crtm2560.o
__vector_31                                       c:/winavr-20100110/bin/../lib/gcc/avr/4.3.3/../../../../avr/lib/avr6/crtm2560.o
__vector_32                                       c:/winavr-20100110/bin/../lib/gcc/avr/4.3.3/../../../../avr/lib/avr6/crtm2560.o
__vector_33                                       c:/winavr-20100110/bin/../lib/gcc/avr/4.3.3/../../../../avr/lib/avr6/crtm2560.o
__vector_34                                       c:/winavr-20100110/bin/../lib/gcc/avr/4.3.3/../../../../avr/lib/avr6/crtm2560.o
__vector_35                                       c:/winavr-20100110/bin/../lib/gcc/avr/4.3.3/../../../../avr/lib/avr6/crtm2560.o
__vector_36                                       c:/winavr-20100110/bin/../lib/gcc/avr/4.3.3/../../../../avr/lib/avr6/crtm2560.o
__vector_37                                       c:/winavr-20100110/bin/../lib/gcc/avr/4.3.3/../../../../avr/lib/avr6/crtm2560.o
__vector_38                                       c:/winavr-20100110/bin/../lib/gcc/avr/4.3.3/../../../../avr/lib/avr6/crtm2560.o
__vector_39                                       c:/winavr-20100110/bin/../lib/gcc/avr/4.3.3/../../../../avr/lib/avr6/crtm2560.o
__vector_4                                        c:/winavr-20100110/bin/../lib/gcc/avr/4.3.3/../../../../avr/lib/avr6/crtm2560.o
__vector_40                                       c:/winavr-20100110/bin/../lib/gcc/avr/4.3.3/../../../../avr/lib/avr6/crtm2560.o
__vector_41                                       c:/winavr-20100110/bin/../lib/gcc/avr/4.3.3/../../../../avr/lib/avr6/crtm2560.o
__vector_42                                       c:/winavr-20100110/bin/../lib/gcc/avr/4.3.3/../../../../avr/lib/avr6/crtm2560.o
__vector_43                                       c:/winavr-20100110/bin/../lib/gcc/avr/4.3.3/../../../../avr/lib/avr6/crtm2560.o
__vector_44                                       c:/winavr-20100110/bin/../lib/gcc/avr/4.3.3/../../../../avr/lib/avr6/crtm2560.o
__vector_45                                       c:/winavr-20100110/bin/../lib/gcc/avr/4.3.3/../../../../avr/lib/avr6/crtm2560.o
__vector_46                                       c:/winavr-20100110/bin/../lib/gcc/avr/4.3.3/../../../../avr/lib/avr6/crtm2560.o
__vector_47                                       c:/winavr-20100110/bin/../lib/gcc/avr/4.3.3/../../../../avr/lib/avr6/crtm2560.o
__vector_48                                       c:/winavr-20100110/bin/../lib/gcc/avr/4.3.3/../../../../avr/lib/avr6/crtm2560.o
__vector_49                                       c:/winavr-20100110/bin/../lib/gcc/avr/4.3.3/../../../../avr/lib/avr6/crtm2560.o
__vector_5                                        c:/winavr-20100110/bin/../lib/gcc/avr/4.3.3/../../../../avr/lib/avr6/crtm2560.o
__vector_50                                       c:/winavr-20100110/bin/../lib/gcc/avr/4.3.3/../../../../avr/lib/avr6/crtm2560.o
__vector_51                                       c:/winavr-20100110/bin/../lib/gcc/avr/4.3.3/../../../../avr/lib/avr6/crtm2560.o
__vector_52                                       c:/winavr-20100110/bin/../lib/gcc/avr/4.3.3/../../../../avr/lib/avr6/crtm2560.o
__vector_53                                       c:/winavr-20100110/bin/../lib/gcc/avr/4.3.3/../../../../avr/lib/avr6/crtm2560.o
__vector_54                                       c:/winavr-20100110/bin/../lib/gcc/avr/4.3.3/../../../../avr/lib/avr6/crtm2560.o
__vector_55                                       c:/winavr-20100110/bin/../lib/gcc/avr/4.3.3/../../../../avr/lib/avr6/crtm2560.o
__vector_56                                       c:/winavr-20100110/bin/../lib/gcc/avr/4.3.3/../../../../avr/lib/avr6/crtm2560.o
__vector_6                                        c:/winavr-20100110/bin/../lib/gcc/avr/4.3.3/../../../../avr/lib/avr6/crtm2560.o
__vector_7                                        c:/winavr-20100110/bin/../lib/gcc/avr/4.3.3/../../../../avr/lib/avr6/crtm2560.o
__vector_8                                        c:/winavr-20100110/bin/../lib/gcc/avr/4.3.3/../../../../avr/lib/avr6/crtm2560.o
__vector_9                                        c:/winavr-20100110/bin/../lib/gcc/avr/4.3.3/../../../../avr/lib/avr6/crtm2560.o
__vector_default                                  c:/winavr-20100110/bin/../lib/gcc/avr/4.3.3/../../../../avr/lib/avr6/crtm2560.o
__vectors                                         c:/winavr-20100110/bin/../lib/gcc/avr/4.3.3/../../../../avr/lib/avr6/crtm2560.o
_div                                              c:/winavr-20100110/bin/../lib/gcc/avr/4.3.3/avr6\libgcc.a(_divmodhi4.o)
_exit                                             c:/winavr-20100110/bin/../lib/gcc/avr/4.3.3/avr6\libgcc.a(_exit.o)
                                                  C:\WinAVR-20100110\avr\lib\libc.a(exit.o)
exit                                              C:\WinAVR-20100110\avr\lib\libc.a(exit.o)
                                                  c:/winavr-20100110/bin/../lib/gcc/avr/4.3.3/../../../../avr/lib/avr6/crtm2560.o
h_bridge_set_percentage                           obj\Debug\h_bridge.o
                                                  obj\Debug\main.o
informatie                                        obj\Debug\main.o
init                                              obj\Debug\main.o
init_h_bridge                                     obj\Debug\h_bridge.o
                                                  obj\Debug\main.o
init_servo                                        obj\Debug\servo.o
                                                  obj\Debug\main.o
main                                              obj\Debug\main.o
                                                  c:/winavr-20100110/bin/../lib/gcc/avr/4.3.3/../../../../avr/lib/avr6/crtm2560.o
millisec                                          obj\Debug\main.o
millisecBlinkLights                               obj\Debug\main.o
millisecPushButton                                obj\Debug\main.o
millisecWindmeter                                 obj\Debug\main.o
servo1_set_percentage                             obj\Debug\servo.o
                                                  obj\Debug\main.o
servo2_set_percentage                             obj\Debug\servo.o
                                                  obj\Debug\main.o
waarschuwingslichtenAan                           obj\Debug\main.o
waarschuwingslichtenUit                           obj\Debug\main.o
winddrempel                                       obj\Debug\main.o
windmeter                                         obj\Debug\main.o
